Archive member included because of file (symbol)

../../../MySerial/MySerial/Debug\libMySerial.a(MySerial.o)
                              TestI2C.o (UART_init)
../../../MyLCD/MyLCD/Debug\libMyLCD.a(MyLCD.o)
                              TestI2C.o (LCD_init)
../../../MyI2CEEPROM/MyI2CEEPROM/Debug\libMyI2CEEPROM.a(MyI2CEEPROM.o)
                              TestI2C.o (MyI2CEEPROM_init)
../../../MyI2C/MyI2C/Debug\libMyI2C.a(MyI2C.o)
                              ../../../MyI2CEEPROM/MyI2CEEPROM/Debug\libMyI2CEEPROM.a(MyI2CEEPROM.o) (MyI2C_init)
d:/program files/atmel/atmel toolchain/avr8 gcc/native/3.4.1056/avr8-gnu-toolchain/bin/../lib/gcc/avr/4.8.1/avr5\libgcc.a(_exit.o)
                              d:/program files/atmel/atmel toolchain/avr8 gcc/native/3.4.1056/avr8-gnu-toolchain/bin/../lib/gcc/avr/4.8.1/../../../../avr/lib/avr5/crtm32.o (exit)
d:/program files/atmel/atmel toolchain/avr8 gcc/native/3.4.1056/avr8-gnu-toolchain/bin/../lib/gcc/avr/4.8.1/avr5\libgcc.a(_copy_data.o)
                              TestI2C.o (__do_copy_data)
d:/program files/atmel/atmel toolchain/avr8 gcc/native/3.4.1056/avr8-gnu-toolchain/bin/../lib/gcc/avr/4.8.1/avr5\libgcc.a(_clear_bss.o)
                              ../../../MyLCD/MyLCD/Debug\libMyLCD.a(MyLCD.o) (__do_clear_bss)

Discarded input sections

 .bss           0x00000000        0x0 d:/program files/atmel/atmel toolchain/avr8 gcc/native/3.4.1056/avr8-gnu-toolchain/bin/../lib/gcc/avr/4.8.1/../../../../avr/lib/avr5/crtm32.o
 .text          0x00000000        0x0 TestI2C.o
 .bss           0x00000000        0x0 TestI2C.o
 .text          0x00000000        0x0 ../../../MySerial/MySerial/Debug\libMySerial.a(MySerial.o)
 .bss           0x00000000        0x0 ../../../MySerial/MySerial/Debug\libMySerial.a(MySerial.o)
 .text          0x00000000        0x0 ../../../MyLCD/MyLCD/Debug\libMyLCD.a(MyLCD.o)
 .bss           0x00000000        0x0 ../../../MyLCD/MyLCD/Debug\libMyLCD.a(MyLCD.o)
 .text.LCD_clear
                0x00000000        0xa ../../../MyLCD/MyLCD/Debug\libMyLCD.a(MyLCD.o)
 .rodata.str1.1
                0x00000000       0x4e ../../../MyLCD/MyLCD/Debug\libMyLCD.a(MyLCD.o)
 .text.LCD_test20x4
                0x00000000       0x46 ../../../MyLCD/MyLCD/Debug\libMyLCD.a(MyLCD.o)
 .text          0x00000000        0x0 ../../../MyI2CEEPROM/MyI2CEEPROM/Debug\libMyI2CEEPROM.a(MyI2CEEPROM.o)
 .bss           0x00000000        0x0 ../../../MyI2CEEPROM/MyI2CEEPROM/Debug\libMyI2CEEPROM.a(MyI2CEEPROM.o)
 .text          0x00000000        0x0 ../../../MyI2C/MyI2C/Debug\libMyI2C.a(MyI2C.o)
 .bss           0x00000000        0x0 ../../../MyI2C/MyI2C/Debug\libMyI2C.a(MyI2C.o)
 .text.MyI2C_status
                0x00000000        0x6 ../../../MyI2C/MyI2C/Debug\libMyI2C.a(MyI2C.o)
 .text          0x00000000        0x0 d:/program files/atmel/atmel toolchain/avr8 gcc/native/3.4.1056/avr8-gnu-toolchain/bin/../lib/gcc/avr/4.8.1/avr5\libgcc.a(_exit.o)
 .bss           0x00000000        0x0 d:/program files/atmel/atmel toolchain/avr8 gcc/native/3.4.1056/avr8-gnu-toolchain/bin/../lib/gcc/avr/4.8.1/avr5\libgcc.a(_exit.o)
 .text.libgcc.mul
                0x00000000        0x0 d:/program files/atmel/atmel toolchain/avr8 gcc/native/3.4.1056/avr8-gnu-toolchain/bin/../lib/gcc/avr/4.8.1/avr5\libgcc.a(_exit.o)
 .text.libgcc.div
                0x00000000        0x0 d:/program files/atmel/atmel toolchain/avr8 gcc/native/3.4.1056/avr8-gnu-toolchain/bin/../lib/gcc/avr/4.8.1/avr5\libgcc.a(_exit.o)
 .text.libgcc   0x00000000        0x0 d:/program files/atmel/atmel toolchain/avr8 gcc/native/3.4.1056/avr8-gnu-toolchain/bin/../lib/gcc/avr/4.8.1/avr5\libgcc.a(_exit.o)
 .text.libgcc.prologue
                0x00000000        0x0 d:/program files/atmel/atmel toolchain/avr8 gcc/native/3.4.1056/avr8-gnu-toolchain/bin/../lib/gcc/avr/4.8.1/avr5\libgcc.a(_exit.o)
 .text.libgcc.builtins
                0x00000000        0x0 d:/program files/atmel/atmel toolchain/avr8 gcc/native/3.4.1056/avr8-gnu-toolchain/bin/../lib/gcc/avr/4.8.1/avr5\libgcc.a(_exit.o)
 .text.libgcc.fmul
                0x00000000        0x0 d:/program files/atmel/atmel toolchain/avr8 gcc/native/3.4.1056/avr8-gnu-toolchain/bin/../lib/gcc/avr/4.8.1/avr5\libgcc.a(_exit.o)
 .text.libgcc.fixed
                0x00000000        0x0 d:/program files/atmel/atmel toolchain/avr8 gcc/native/3.4.1056/avr8-gnu-toolchain/bin/../lib/gcc/avr/4.8.1/avr5\libgcc.a(_exit.o)
 .text          0x00000000        0x0 d:/program files/atmel/atmel toolchain/avr8 gcc/native/3.4.1056/avr8-gnu-toolchain/bin/../lib/gcc/avr/4.8.1/avr5\libgcc.a(_copy_data.o)
 .bss           0x00000000        0x0 d:/program files/atmel/atmel toolchain/avr8 gcc/native/3.4.1056/avr8-gnu-toolchain/bin/../lib/gcc/avr/4.8.1/avr5\libgcc.a(_copy_data.o)
 .text.libgcc.mul
                0x00000000        0x0 d:/program files/atmel/atmel toolchain/avr8 gcc/native/3.4.1056/avr8-gnu-toolchain/bin/../lib/gcc/avr/4.8.1/avr5\libgcc.a(_copy_data.o)
 .text.libgcc.div
                0x00000000        0x0 d:/program files/atmel/atmel toolchain/avr8 gcc/native/3.4.1056/avr8-gnu-toolchain/bin/../lib/gcc/avr/4.8.1/avr5\libgcc.a(_copy_data.o)
 .text.libgcc   0x00000000        0x0 d:/program files/atmel/atmel toolchain/avr8 gcc/native/3.4.1056/avr8-gnu-toolchain/bin/../lib/gcc/avr/4.8.1/avr5\libgcc.a(_copy_data.o)
 .text.libgcc.prologue
                0x00000000        0x0 d:/program files/atmel/atmel toolchain/avr8 gcc/native/3.4.1056/avr8-gnu-toolchain/bin/../lib/gcc/avr/4.8.1/avr5\libgcc.a(_copy_data.o)
 .text.libgcc.builtins
                0x00000000        0x0 d:/program files/atmel/atmel toolchain/avr8 gcc/native/3.4.1056/avr8-gnu-toolchain/bin/../lib/gcc/avr/4.8.1/avr5\libgcc.a(_copy_data.o)
 .text.libgcc.fmul
                0x00000000        0x0 d:/program files/atmel/atmel toolchain/avr8 gcc/native/3.4.1056/avr8-gnu-toolchain/bin/../lib/gcc/avr/4.8.1/avr5\libgcc.a(_copy_data.o)
 .text.libgcc.fixed
                0x00000000        0x0 d:/program files/atmel/atmel toolchain/avr8 gcc/native/3.4.1056/avr8-gnu-toolchain/bin/../lib/gcc/avr/4.8.1/avr5\libgcc.a(_copy_data.o)
 .text          0x00000000        0x0 d:/program files/atmel/atmel toolchain/avr8 gcc/native/3.4.1056/avr8-gnu-toolchain/bin/../lib/gcc/avr/4.8.1/avr5\libgcc.a(_clear_bss.o)
 .bss           0x00000000        0x0 d:/program files/atmel/atmel toolchain/avr8 gcc/native/3.4.1056/avr8-gnu-toolchain/bin/../lib/gcc/avr/4.8.1/avr5\libgcc.a(_clear_bss.o)
 .text.libgcc.mul
                0x00000000        0x0 d:/program files/atmel/atmel toolchain/avr8 gcc/native/3.4.1056/avr8-gnu-toolchain/bin/../lib/gcc/avr/4.8.1/avr5\libgcc.a(_clear_bss.o)
 .text.libgcc.div
                0x00000000        0x0 d:/program files/atmel/atmel toolchain/avr8 gcc/native/3.4.1056/avr8-gnu-toolchain/bin/../lib/gcc/avr/4.8.1/avr5\libgcc.a(_clear_bss.o)
 .text.libgcc   0x00000000        0x0 d:/program files/atmel/atmel toolchain/avr8 gcc/native/3.4.1056/avr8-gnu-toolchain/bin/../lib/gcc/avr/4.8.1/avr5\libgcc.a(_clear_bss.o)
 .text.libgcc.prologue
                0x00000000        0x0 d:/program files/atmel/atmel toolchain/avr8 gcc/native/3.4.1056/avr8-gnu-toolchain/bin/../lib/gcc/avr/4.8.1/avr5\libgcc.a(_clear_bss.o)
 .text.libgcc.builtins
                0x00000000        0x0 d:/program files/atmel/atmel toolchain/avr8 gcc/native/3.4.1056/avr8-gnu-toolchain/bin/../lib/gcc/avr/4.8.1/avr5\libgcc.a(_clear_bss.o)
 .text.libgcc.fmul
                0x00000000        0x0 d:/program files/atmel/atmel toolchain/avr8 gcc/native/3.4.1056/avr8-gnu-toolchain/bin/../lib/gcc/avr/4.8.1/avr5\libgcc.a(_clear_bss.o)
 .text.libgcc.fixed
                0x00000000        0x0 d:/program files/atmel/atmel toolchain/avr8 gcc/native/3.4.1056/avr8-gnu-toolchain/bin/../lib/gcc/avr/4.8.1/avr5\libgcc.a(_clear_bss.o)

Memory Configuration

Name             Origin             Length             Attributes
text             0x00000000         0x00020000         xr
data             0x00800060         0x0000ffa0         rw !x
eeprom           0x00810000         0x00010000         rw !x
fuse             0x00820000         0x00000400         rw !x
lock             0x00830000         0x00000400         rw !x
signature        0x00840000         0x00000400         rw !x
user_signatures  0x00850000         0x00000400         rw !x
*default*        0x00000000         0xffffffff

Linker script and memory map

LOAD d:/program files/atmel/atmel toolchain/avr8 gcc/native/3.4.1056/avr8-gnu-toolchain/bin/../lib/gcc/avr/4.8.1/../../../../avr/lib/avr5/crtm32.o
LOAD TestI2C.o
START GROUP
LOAD d:/program files/atmel/atmel toolchain/avr8 gcc/native/3.4.1056/avr8-gnu-toolchain/bin/../lib/gcc/avr/4.8.1/../../../../avr/lib/avr5\libm.a
LOAD ../../../MySerial/MySerial/Debug\libMySerial.a
LOAD ../../../MyLCD/MyLCD/Debug\libMyLCD.a
LOAD ../../../MyI2C/MyI2C/Debug\libMyI2C.a
LOAD ../../../MyI2CEEPROM/MyI2CEEPROM/Debug\libMyI2CEEPROM.a
END GROUP
START GROUP
LOAD d:/program files/atmel/atmel toolchain/avr8 gcc/native/3.4.1056/avr8-gnu-toolchain/bin/../lib/gcc/avr/4.8.1/avr5\libgcc.a
LOAD d:/program files/atmel/atmel toolchain/avr8 gcc/native/3.4.1056/avr8-gnu-toolchain/bin/../lib/gcc/avr/4.8.1/../../../../avr/lib/avr5\libm.a
LOAD d:/program files/atmel/atmel toolchain/avr8 gcc/native/3.4.1056/avr8-gnu-toolchain/bin/../lib/gcc/avr/4.8.1/../../../../avr/lib/avr5\libc.a
END GROUP

.hash
 *(.hash)

.dynsym
 *(.dynsym)

.dynstr
 *(.dynstr)

.gnu.version
 *(.gnu.version)

.gnu.version_d
 *(.gnu.version_d)

.gnu.version_r
 *(.gnu.version_r)

.rel.init
 *(.rel.init)

.rela.init
 *(.rela.init)

.rel.text
 *(.rel.text)
 *(.rel.text.*)
 *(.rel.gnu.linkonce.t*)

.rela.text
 *(.rela.text)
 *(.rela.text.*)
 *(.rela.gnu.linkonce.t*)

.rel.fini
 *(.rel.fini)

.rela.fini
 *(.rela.fini)

.rel.rodata
 *(.rel.rodata)
 *(.rel.rodata.*)
 *(.rel.gnu.linkonce.r*)

.rela.rodata
 *(.rela.rodata)
 *(.rela.rodata.*)
 *(.rela.gnu.linkonce.r*)

.rel.data
 *(.rel.data)
 *(.rel.data.*)
 *(.rel.gnu.linkonce.d*)

.rela.data
 *(.rela.data)
 *(.rela.data.*)
 *(.rela.gnu.linkonce.d*)

.rel.ctors
 *(.rel.ctors)

.rela.ctors
 *(.rela.ctors)

.rel.dtors
 *(.rel.dtors)

.rela.dtors
 *(.rela.dtors)

.rel.got
 *(.rel.got)

.rela.got
 *(.rela.got)

.rel.bss
 *(.rel.bss)

.rela.bss
 *(.rela.bss)

.rel.plt
 *(.rel.plt)

.rela.plt
 *(.rela.plt)

.text           0x00000000      0x3e0
 *(.vectors)
 .vectors       0x00000000       0x54 d:/program files/atmel/atmel toolchain/avr8 gcc/native/3.4.1056/avr8-gnu-toolchain/bin/../lib/gcc/avr/4.8.1/../../../../avr/lib/avr5/crtm32.o
                0x00000000                __vector_default
                0x00000000                __vectors
 *(.vectors)
 *(.progmem.gcc*)
                0x00000054                . = ALIGN (0x2)
                0x00000054                __trampolines_start = .
 *(.trampolines)
 .trampolines   0x00000054        0x0 linker stubs
 *(.trampolines*)
                0x00000054                __trampolines_end = .
 *(.progmem*)
                0x00000054                . = ALIGN (0x2)
 *(.jumptables)
 *(.jumptables*)
 *(.lowtext)
 *(.lowtext*)
                0x00000054                __ctors_start = .
 *(.ctors)
                0x00000054                __ctors_end = .
                0x00000054                __dtors_start = .
 *(.dtors)
                0x00000054                __dtors_end = .
 SORT(*)(.ctors)
 SORT(*)(.dtors)
 *(.init0)
 .init0         0x00000054        0x0 d:/program files/atmel/atmel toolchain/avr8 gcc/native/3.4.1056/avr8-gnu-toolchain/bin/../lib/gcc/avr/4.8.1/../../../../avr/lib/avr5/crtm32.o
                0x00000054                __init
 *(.init0)
 *(.init1)
 *(.init1)
 *(.init2)
 .init2         0x00000054        0xc d:/program files/atmel/atmel toolchain/avr8 gcc/native/3.4.1056/avr8-gnu-toolchain/bin/../lib/gcc/avr/4.8.1/../../../../avr/lib/avr5/crtm32.o
 *(.init2)
 *(.init3)
 *(.init3)
 *(.init4)
 .init4         0x00000060       0x16 d:/program files/atmel/atmel toolchain/avr8 gcc/native/3.4.1056/avr8-gnu-toolchain/bin/../lib/gcc/avr/4.8.1/avr5\libgcc.a(_copy_data.o)
                0x00000060                __do_copy_data
 .init4         0x00000076       0x10 d:/program files/atmel/atmel toolchain/avr8 gcc/native/3.4.1056/avr8-gnu-toolchain/bin/../lib/gcc/avr/4.8.1/avr5\libgcc.a(_clear_bss.o)
                0x00000076                __do_clear_bss
 *(.init4)
 *(.init5)
 *(.init5)
 *(.init6)
 *(.init6)
 *(.init7)
 *(.init7)
 *(.init8)
 *(.init8)
 *(.init9)
 .init9         0x00000086        0x8 d:/program files/atmel/atmel toolchain/avr8 gcc/native/3.4.1056/avr8-gnu-toolchain/bin/../lib/gcc/avr/4.8.1/../../../../avr/lib/avr5/crtm32.o
 *(.init9)
 *(.text)
 .text          0x0000008e        0x4 d:/program files/atmel/atmel toolchain/avr8 gcc/native/3.4.1056/avr8-gnu-toolchain/bin/../lib/gcc/avr/4.8.1/../../../../avr/lib/avr5/crtm32.o
                0x0000008e                __vector_1
                0x0000008e                __vector_12
                0x0000008e                __bad_interrupt
                0x0000008e                __vector_6
                0x0000008e                __vector_3
                0x0000008e                __vector_11
                0x0000008e                __vector_13
                0x0000008e                __vector_17
                0x0000008e                __vector_19
                0x0000008e                __vector_7
                0x0000008e                __vector_5
                0x0000008e                __vector_4
                0x0000008e                __vector_9
                0x0000008e                __vector_2
                0x0000008e                __vector_15
                0x0000008e                __vector_8
                0x0000008e                __vector_14
                0x0000008e                __vector_10
                0x0000008e                __vector_16
                0x0000008e                __vector_18
                0x0000008e                __vector_20
                0x00000092                . = ALIGN (0x2)
 *(.text.*)
 .text.MyI2CEEPROM_test
                0x00000092       0x34 TestI2C.o
                0x00000092                MyI2CEEPROM_test
 .text.main     0x000000c6       0x82 TestI2C.o
                0x000000c6                main
 .text.UART_init
                0x00000148        0xe ../../../MySerial/MySerial/Debug\libMySerial.a(MySerial.o)
                0x00000148                UART_init
 .text.UART_send_char
                0x00000156        0x8 ../../../MySerial/MySerial/Debug\libMySerial.a(MySerial.o)
                0x00000156                UART_send_char
 .text.UART_print_line
                0x0000015e       0x1e ../../../MySerial/MySerial/Debug\libMySerial.a(MySerial.o)
                0x0000015e                UART_print_line
 .text.LCD_send_char
                0x0000017c       0xbc ../../../MyLCD/MyLCD/Debug\libMyLCD.a(MyLCD.o)
                0x0000017c                LCD_send_char
 .text.LCD_init
                0x00000238       0x74 ../../../MyLCD/MyLCD/Debug\libMyLCD.a(MyLCD.o)
                0x00000238                LCD_init
 .text.LCD_print_string
                0x000002ac       0x20 ../../../MyLCD/MyLCD/Debug\libMyLCD.a(MyLCD.o)
                0x000002ac                LCD_print_string
 .text.LCD_gotoxy
                0x000002cc       0x48 ../../../MyLCD/MyLCD/Debug\libMyLCD.a(MyLCD.o)
                0x000002cc                LCD_gotoxy
 .text.MyI2CEEPROM_init
                0x00000314        0x6 ../../../MyI2CEEPROM/MyI2CEEPROM/Debug\libMyI2CEEPROM.a(MyI2CEEPROM.o)
                0x00000314                MyI2CEEPROM_init
 .text.MyI2CEEPROM_write_byte
                0x0000031a       0x3a ../../../MyI2CEEPROM/MyI2CEEPROM/Debug\libMyI2CEEPROM.a(MyI2CEEPROM.o)
                0x0000031a                MyI2CEEPROM_write_byte
 .text.MyI2CEEPROM_read_byte
                0x00000354       0x44 ../../../MyI2CEEPROM/MyI2CEEPROM/Debug\libMyI2CEEPROM.a(MyI2CEEPROM.o)
                0x00000354                MyI2CEEPROM_read_byte
 .text.wait_for_complete
                0x00000398        0x8 ../../../MyI2C/MyI2C/Debug\libMyI2C.a(MyI2C.o)
                0x00000398                wait_for_complete
 .text.MyI2C_init
                0x000003a0        0xc ../../../MyI2C/MyI2C/Debug\libMyI2C.a(MyI2C.o)
                0x000003a0                MyI2C_init
 .text.MyI2C_start
                0x000003ac        0xa ../../../MyI2C/MyI2C/Debug\libMyI2C.a(MyI2C.o)
                0x000003ac                MyI2C_start
 .text.MyI2C_stop
                0x000003b6        0x6 ../../../MyI2C/MyI2C/Debug\libMyI2C.a(MyI2C.o)
                0x000003b6                MyI2C_stop
 .text.MyI2C_write
                0x000003bc        0xc ../../../MyI2C/MyI2C/Debug\libMyI2C.a(MyI2C.o)
                0x000003bc                MyI2C_write
 .text.MyI2C_read
                0x000003c8       0x14 ../../../MyI2C/MyI2C/Debug\libMyI2C.a(MyI2C.o)
                0x000003c8                MyI2C_read
                0x000003dc                . = ALIGN (0x2)
 *(.fini9)
 .fini9         0x000003dc        0x0 d:/program files/atmel/atmel toolchain/avr8 gcc/native/3.4.1056/avr8-gnu-toolchain/bin/../lib/gcc/avr/4.8.1/avr5\libgcc.a(_exit.o)
                0x000003dc                _exit
                0x000003dc                exit
 *(.fini9)
 *(.fini8)
 *(.fini8)
 *(.fini7)
 *(.fini7)
 *(.fini6)
 *(.fini6)
 *(.fini5)
 *(.fini5)
 *(.fini4)
 *(.fini4)
 *(.fini3)
 *(.fini3)
 *(.fini2)
 *(.fini2)
 *(.fini1)
 *(.fini1)
 *(.fini0)
 .fini0         0x000003dc        0x4 d:/program files/atmel/atmel toolchain/avr8 gcc/native/3.4.1056/avr8-gnu-toolchain/bin/../lib/gcc/avr/4.8.1/avr5\libgcc.a(_exit.o)
 *(.fini0)
                0x000003e0                _etext = .

.data           0x00800060       0x2c load address 0x000003e0
                0x00800060                PROVIDE (__data_start, .)
 *(.data)
 .data          0x00800060        0x0 d:/program files/atmel/atmel toolchain/avr8 gcc/native/3.4.1056/avr8-gnu-toolchain/bin/../lib/gcc/avr/4.8.1/../../../../avr/lib/avr5/crtm32.o
 .data          0x00800060        0x0 TestI2C.o
 .data          0x00800060        0x0 ../../../MySerial/MySerial/Debug\libMySerial.a(MySerial.o)
 .data          0x00800060        0x0 ../../../MyLCD/MyLCD/Debug\libMyLCD.a(MyLCD.o)
 .data          0x00800060        0x0 ../../../MyI2CEEPROM/MyI2CEEPROM/Debug\libMyI2CEEPROM.a(MyI2CEEPROM.o)
 .data          0x00800060        0x0 ../../../MyI2C/MyI2C/Debug\libMyI2C.a(MyI2C.o)
 .data          0x00800060        0x0 d:/program files/atmel/atmel toolchain/avr8 gcc/native/3.4.1056/avr8-gnu-toolchain/bin/../lib/gcc/avr/4.8.1/avr5\libgcc.a(_exit.o)
 .data          0x00800060        0x0 d:/program files/atmel/atmel toolchain/avr8 gcc/native/3.4.1056/avr8-gnu-toolchain/bin/../lib/gcc/avr/4.8.1/avr5\libgcc.a(_copy_data.o)
 .data          0x00800060        0x0 d:/program files/atmel/atmel toolchain/avr8 gcc/native/3.4.1056/avr8-gnu-toolchain/bin/../lib/gcc/avr/4.8.1/avr5\libgcc.a(_clear_bss.o)
 *(.data*)
 *(.rodata)
 *(.rodata*)
 .rodata.str1.1
                0x00800060       0x2b TestI2C.o
                                 0x2e (size before relaxing)
 *(.gnu.linkonce.d*)
                0x0080008c                . = ALIGN (0x2)
 *fill*         0x0080008b        0x1 
                0x0080008c                _edata = .
                0x0080008c                PROVIDE (__data_end, .)

.bss            0x0080008c        0x6
                0x0080008c                PROVIDE (__bss_start, .)
 *(.bss)
 *(.bss*)
 .bss.in        0x0080008c        0x2 ../../../MyLCD/MyLCD/Debug\libMyLCD.a(MyLCD.o)
                0x0080008c                in
 .bss.ddr       0x0080008e        0x2 ../../../MyLCD/MyLCD/Debug\libMyLCD.a(MyLCD.o)
                0x0080008e                ddr
 .bss.port      0x00800090        0x2 ../../../MyLCD/MyLCD/Debug\libMyLCD.a(MyLCD.o)
                0x00800090                port
 *(COMMON)
                0x00800092                PROVIDE (__bss_end, .)
                0x000003e0                __data_load_start = LOADADDR (.data)
                0x0000040c                __data_load_end = (__data_load_start + SIZEOF (.data))

.noinit         0x00800092        0x0
                0x00800092                PROVIDE (__noinit_start, .)
 *(.noinit*)
                0x00800092                PROVIDE (__noinit_end, .)
                0x00800092                _end = .
                0x00800092                PROVIDE (__heap_start, .)

.eeprom         0x00810000        0x0
 *(.eeprom*)
                0x00810000                __eeprom_end = .

.fuse
 *(.fuse)
 *(.lfuse)
 *(.hfuse)
 *(.efuse)

.lock
 *(.lock*)

.signature
 *(.signature*)

.user_signatures
 *(.user_signatures*)

.stab
 *(.stab)

.stabstr
 *(.stabstr)

.stab.excl
 *(.stab.excl)

.stab.exclstr
 *(.stab.exclstr)

.stab.index
 *(.stab.index)

.stab.indexstr
 *(.stab.indexstr)

.comment        0x00000000       0x30
 *(.comment)
 .comment       0x00000000       0x30 TestI2C.o
                                 0x31 (size before relaxing)
 .comment       0x00000000       0x31 ../../../MySerial/MySerial/Debug\libMySerial.a(MySerial.o)
 .comment       0x00000000       0x31 ../../../MyLCD/MyLCD/Debug\libMyLCD.a(MyLCD.o)
 .comment       0x00000000       0x31 ../../../MyI2CEEPROM/MyI2CEEPROM/Debug\libMyI2CEEPROM.a(MyI2CEEPROM.o)
 .comment       0x00000000       0x31 ../../../MyI2C/MyI2C/Debug\libMyI2C.a(MyI2C.o)

.note.gnu.build-id
 *(.note.gnu.build-id)

.debug
 *(.debug)

.line
 *(.line)

.debug_srcinfo
 *(.debug_srcinfo)

.debug_sfnames
 *(.debug_sfnames)

.debug_aranges  0x00000000      0x120
 *(.debug_aranges)
 .debug_aranges
                0x00000000       0x28 TestI2C.o
 .debug_aranges
                0x00000028       0x30 ../../../MySerial/MySerial/Debug\libMySerial.a(MySerial.o)
 .debug_aranges
                0x00000058       0x48 ../../../MyLCD/MyLCD/Debug\libMyLCD.a(MyLCD.o)
 .debug_aranges
                0x000000a0       0x30 ../../../MyI2CEEPROM/MyI2CEEPROM/Debug\libMyI2CEEPROM.a(MyI2CEEPROM.o)
 .debug_aranges
                0x000000d0       0x50 ../../../MyI2C/MyI2C/Debug\libMyI2C.a(MyI2C.o)

.debug_pubnames
 *(.debug_pubnames)

.debug_info     0x00000000      0xe00
 *(.debug_info .gnu.linkonce.wi.*)
 .debug_info    0x00000000      0x3fa TestI2C.o
 .debug_info    0x000003fa       0xf9 ../../../MySerial/MySerial/Debug\libMySerial.a(MySerial.o)
 .debug_info    0x000004f3      0x53f ../../../MyLCD/MyLCD/Debug\libMyLCD.a(MyLCD.o)
 .debug_info    0x00000a32      0x268 ../../../MyI2CEEPROM/MyI2CEEPROM/Debug\libMyI2CEEPROM.a(MyI2CEEPROM.o)
 .debug_info    0x00000c9a      0x166 ../../../MyI2C/MyI2C/Debug\libMyI2C.a(MyI2C.o)

.debug_abbrev   0x00000000      0x5fd
 *(.debug_abbrev)
 .debug_abbrev  0x00000000      0x1a4 TestI2C.o
 .debug_abbrev  0x000001a4       0x9d ../../../MySerial/MySerial/Debug\libMySerial.a(MySerial.o)
 .debug_abbrev  0x00000241      0x1c6 ../../../MyLCD/MyLCD/Debug\libMyLCD.a(MyLCD.o)
 .debug_abbrev  0x00000407      0x107 ../../../MyI2CEEPROM/MyI2CEEPROM/Debug\libMyI2CEEPROM.a(MyI2CEEPROM.o)
 .debug_abbrev  0x0000050e       0xef ../../../MyI2C/MyI2C/Debug\libMyI2C.a(MyI2C.o)

.debug_line     0x00000000      0x671
 *(.debug_line .debug_line.* .debug_line_end)
 .debug_line    0x00000000      0x1c7 TestI2C.o
 .debug_line    0x000001c7       0xd7 ../../../MySerial/MySerial/Debug\libMySerial.a(MySerial.o)
 .debug_line    0x0000029e      0x1c7 ../../../MyLCD/MyLCD/Debug\libMyLCD.a(MyLCD.o)
 .debug_line    0x00000465       0xf9 ../../../MyI2CEEPROM/MyI2CEEPROM/Debug\libMyI2CEEPROM.a(MyI2CEEPROM.o)
 .debug_line    0x0000055e      0x113 ../../../MyI2C/MyI2C/Debug\libMyI2C.a(MyI2C.o)

.debug_frame    0x00000000      0x20c
 *(.debug_frame)
 .debug_frame   0x00000000       0x40 TestI2C.o
 .debug_frame   0x00000040       0x50 ../../../MySerial/MySerial/Debug\libMySerial.a(MySerial.o)
 .debug_frame   0x00000090       0x90 ../../../MyLCD/MyLCD/Debug\libMyLCD.a(MyLCD.o)
 .debug_frame   0x00000120       0x68 ../../../MyI2CEEPROM/MyI2CEEPROM/Debug\libMyI2CEEPROM.a(MyI2CEEPROM.o)
 .debug_frame   0x00000188       0x84 ../../../MyI2C/MyI2C/Debug\libMyI2C.a(MyI2C.o)

.debug_str      0x00000000      0x3e6
 *(.debug_str)
 .debug_str     0x00000000      0x1e5 TestI2C.o
                                0x228 (size before relaxing)
 .debug_str     0x000001e5       0x75 ../../../MySerial/MySerial/Debug\libMySerial.a(MySerial.o)
                                0x19b (size before relaxing)
 .debug_str     0x0000025a       0x9a ../../../MyLCD/MyLCD/Debug\libMyLCD.a(MyLCD.o)
                                0x216 (size before relaxing)
 .debug_str     0x000002f4       0xa0 ../../../MyI2CEEPROM/MyI2CEEPROM/Debug\libMyI2CEEPROM.a(MyI2CEEPROM.o)
                                0x1ea (size before relaxing)
 .debug_str     0x00000394       0x52 ../../../MyI2C/MyI2C/Debug\libMyI2C.a(MyI2C.o)
                                0x199 (size before relaxing)

.debug_loc      0x00000000      0x4f6
 *(.debug_loc)
 .debug_loc     0x00000000       0xbb TestI2C.o
 .debug_loc     0x000000bb       0x8a ../../../MySerial/MySerial/Debug\libMySerial.a(MySerial.o)
 .debug_loc     0x00000145      0x15e ../../../MyLCD/MyLCD/Debug\libMyLCD.a(MyLCD.o)
 .debug_loc     0x000002a3      0x1e2 ../../../MyI2CEEPROM/MyI2CEEPROM/Debug\libMyI2CEEPROM.a(MyI2CEEPROM.o)
 .debug_loc     0x00000485       0x71 ../../../MyI2C/MyI2C/Debug\libMyI2C.a(MyI2C.o)

.debug_macinfo
 *(.debug_macinfo)

.debug_weaknames
 *(.debug_weaknames)

.debug_funcnames
 *(.debug_funcnames)

.debug_typenames
 *(.debug_typenames)

.debug_varnames
 *(.debug_varnames)

.debug_pubtypes
 *(.debug_pubtypes)

.debug_ranges   0x00000000       0xd0
 *(.debug_ranges)
 .debug_ranges  0x00000000       0x18 TestI2C.o
 .debug_ranges  0x00000018       0x20 ../../../MySerial/MySerial/Debug\libMySerial.a(MySerial.o)
 .debug_ranges  0x00000038       0x38 ../../../MyLCD/MyLCD/Debug\libMyLCD.a(MyLCD.o)
 .debug_ranges  0x00000070       0x20 ../../../MyI2CEEPROM/MyI2CEEPROM/Debug\libMyI2CEEPROM.a(MyI2CEEPROM.o)
 .debug_ranges  0x00000090       0x40 ../../../MyI2C/MyI2C/Debug\libMyI2C.a(MyI2C.o)

.debug_macro
 *(.debug_macro)
OUTPUT(TestI2C.elf elf32-avr)
LOAD linker stubs
