Microchip MPLAB XC8 Compiler V1.32 ()

Linker command line:

--edf=D:\Program Files\Microchip\xc8\v1.32\dat\en_msgs.txt -cs \
  -h+dist/default/production\test1.X.production.sym \
  --cmf=dist/default/production\test1.X.production.cmf -z -Q18F2550 \
  -oC:\DOCUME~1\ramtaru\LOCALS~1\Temp\s2rs.6 \
  -Mdist/default/production/test1.X.production.map -E1 -ver=XC8 \
  -ASTACK=060h-03ffh -pstack=STACK -ACODE=00h-07FFFh -ACONST=00h-07FFFh \
  -ASMALLCONST=0800h-08FFhx120 -AMEDIUMCONST=0800h-07FFFh -ACOMRAM=01h-05Fh \
  -AABS1=00h-07FFh -ABIGRAM=01h-07FFh -ARAM=060h-0FFh,0100h-01FFhx7 \
  -ABANK0=060h-0FFh -ABANK1=0100h-01FFh -ABANK2=0200h-02FFh \
  -ABANK3=0300h-03FFh -ABANK4=0400h-04FFh -ABANK5=0500h-05FFh \
  -ABANK6=0600h-06FFh -ABANK7=0700h-07FFh -ASFR=0F60h-0FFFh \
  -preset_vec=00h,intcode=08h,intcodelo,powerup,init,end_init \
  -pramtop=0800h -psmallconst=SMALLCONST -pmediumconst=MEDIUMCONST \
  -pconst=CONST -AFARRAM=00h-00h -ACONFIG=0300000h-030000Dh -pconfig=CONFIG \
  -AIDLOC=0200000h-0200007h -pidloc=IDLOC -AEEDATA=0F00000h-0F000FFh \
  -peeprom_data=EEDATA \
  -prdata=COMRAM,nvrram=COMRAM,nvbit=COMRAM,rbss=COMRAM,rbit=COMRAM \
  -pfarbss=FARRAM,fardata=FARRAM,nvFARRAM=FARRAM \
  -pintsave_regs=BIGRAM,bigbss=BIGRAM,bigdata=BIGRAM -pbss=RAM \
  -pidata=CODE,irdata=CODE,ibigdata=CODE,ifardata=CODE \
  C:\DOCUME~1\ramtaru\LOCALS~1\Temp\s2rs.obj \
  dist/default/production\test1.X.production.obj 

Object code version is 3.11

Machine type is 18F2550

Call graph: (short form)




                Name                               Link     Load   Length Selector   Space Scale
C:\DOCUME~1\ramtaru\LOCALS~1\Temp\s2rs.obj
                end_init                             18       18        4        4       0
                reset_vec                             0        0        4        0       0
                idloc                            200000   200000        8   200000       0
                config                           300000   300000        E   300000       0
dist/default/production\test1.X.production.obj
                intcode                               8        8       10        4       0
                smallconst                          800      800       2E      400       0
                text14                              AD0      AD0       18      417       0
                intcode_body                        82E      82E       72      417       0
                text12                              A92      A92       20      417       0
                text11                              AB2      AB2       1E      417       0
                text10                              AFA      AFA        C      417       0
                text9                               9BC      9BC       32      417       0
                text8                               A4C      A4C       24      417       0
                text7                               984      984       38      417       0
                text6                               8A0      8A0       56      417       0
                text5                               B06      B06        A      417       0
                text4                               8F6      8F6       52      417       0
                text3                               A1E      A1E       2E      417       0
                text2                               AE8      AE8       12      417       0
                text1                               A70      A70       22      417       0
                text0                               948      948       3C      417       0
                cstackCOMRAM                          1        1       1A        1       1
                dataCOMRAM                           1B       1B        9        1       1
                bssCOMRAM                            25       25        1        1       1
                cinit                               9EE      9EE       30      417       0
                nvCOMRAM                             24       24        1        1       1
                idataCOMRAM                         B10      B10        9      417       0

TOTAL           Name                               Link     Load   Length     Space
        CLASS   STACK          

        CLASS   CODE           
                end_init                             18       18        4         0
                intcode                               8        8       10         0
                reset_vec                             0        0        4         0
                text14                              AD0      AD0       18         0
                intcode_body                        82E      82E       72         0
                text12                              A92      A92       20         0
                text11                              AB2      AB2       1E         0
                text10                              AFA      AFA        C         0
                text9                               9BC      9BC       32         0
                text8                               A4C      A4C       24         0
                text7                               984      984       38         0
                text6                               8A0      8A0       56         0
                text5                               B06      B06        A         0
                text4                               8F6      8F6       52         0
                text3                               A1E      A1E       2E         0
                text2                               AE8      AE8       12         0
                text1                               A70      A70       22         0
                text0                               948      948       3C         0
                cinit                               9EE      9EE       30         0
                idataCOMRAM                         B10      B10        9         0

        CLASS   CONST          

        CLASS   SMALLCONST     
                smallconst                          800      800       2E         0

        CLASS   MEDIUMCONST    

        CLASS   COMRAM         
                cstackCOMRAM                          1        1       1A         1
                dataCOMRAM                           1B       1B        9         1
                bssCOMRAM                            25       25        1         1
                nvCOMRAM                             24       24        1         1

        CLASS   ABS1           
                abs_s1                              400      400        C         1
                abs_s1                              428      428       33         1
                abs_s1                              470      470       38         1

        CLASS   BIGRAM         

        CLASS   RAM            

        CLASS   BANK0          

        CLASS   BANK1          

        CLASS   BANK2          

        CLASS   BANK3          

        CLASS   BANK4          

        CLASS   BANK5          

        CLASS   BANK6          

        CLASS   BANK7          

        CLASS   SFR            

        CLASS   FARRAM         

        CLASS   CONFIG         
                config                           300000   300000        E         0

        CLASS   IDLOC          
                idloc                            200000   200000        8         0

        CLASS   EEDATA         



SEGMENTS        Name                           Load    Length   Top    Selector   Space  Class

                reset_vec                      000000  000004  000004         0       0  CODE    
                cstackCOMRAM                   000001  000025  000026         1       1  COMRAM  
                intcode                        000008  000014  00001C         4       0  CODE    
                smallconst                     000800  00002E  00082E       400       0  SMALLCON
                intcode_body                   00082E  0002EB  000B19       417       0  CODE    
                idloc                          200000  000008  200008    200000       0  IDLOC   
                config                         300000  00000E  30000E    300000       0  CONFIG  


UNUSED ADDRESS RANGES

        Name                Unused          Largest block    Delta
        BANK0            000060-0000FF               A0
        BANK1            000100-0001FF              100
        BANK2            000200-0002FF              100
        BANK3            000300-0003FF              100
        BANK4            00040C-000427               1C
                         00045B-00046F               15
                         0004A8-0004FF               58
        BANK5            000500-0005FF              100
        BANK6            000600-0006FF              100
        BANK7            000700-0007FF              100
        BIGRAM           000026-0003FF              3DA
                         00040C-000427               1C
                         00045B-00046F               15
                         0004A8-0007FF              358
        CODE             000004-000007                4
                         00001C-0007FF              7E4
                         000B19-007FFF             74E7
        COMRAM           000026-00005F               3A
        CONST            000004-000007                4
                         00001C-0007FF              7E4
                         000B19-007FFF             74E7
        EEDATA           F00000-F000FF              100
        MEDIUMCONST      000B19-007FFF             74E7
        RAM              000060-0003FF              100
                         00040C-000427               1C
                         00045B-00046F               15
                         0004A8-0007FF              100
        SFR              000F60-000FFF               A0
        SMALLCONST       000B19-007FFF              100
        STACK            000060-0003FF              3A0

                                  Symbol Table

T0_ISR@timerset                    cstackCOMRAM 000001
_ACKDT                             (abs)        007E2D
_ACKEN                             (abs)        007E2C
_BD0_IN                            (abs)        000404
_BD0_OUT                           (abs)        000400
_BD1_OUT                           (abs)        000408
_BF                                (abs)        007E38
_BRG16                             (abs)        007DC3
_BRGH                              (abs)        007D62
_CREN                              (abs)        007D5C
_DTS                               dataCOMRAM   00001B
_DTSEN                             dataCOMRAM   00001C
_INTCONbits                        (abs)        000FF2
_IN_TOKEN                          dataCOMRAM   00001D
_LATA                              (abs)        000F89
_LATBbits                          (abs)        000F8A
_OUT_TOKEN                         dataCOMRAM   00001E
_PIR1bits                          (abs)        000F9E
_RCIF                              (abs)        007CF5
_RCREG                             (abs)        000FAE
_SETUP_TOKEN                       dataCOMRAM   00001F
_SPBRG                             (abs)        000FAF
_SPEN                              (abs)        007D5F
_SSPADD                            (abs)        000FC8
_SSPBUF                            (abs)        000FC9
_SSPCON1                           (abs)        000FC6
_SSPCON1bits                       (abs)        000FC6
_SSPCON2                           (abs)        000FC5
_SSPCON2bits                       (abs)        000FC5
_SSPIF                             (abs)        007CF3
_SSPSTAT                           (abs)        000FC7
_SYNC                              (abs)        007D64
_T0CON                             (abs)        000FD5
_T0CONbits                         (abs)        000FD5
_T0_ISR                            text14       000AD0
_T1CONbits                         (abs)        000FCD
_TMR0                              (abs)        000FD6
_TMR1                              (abs)        000FCE
_TRISAbits                         (abs)        000F92
_TRISBbits                         (abs)        000F93
_TXEN                              (abs)        007D65
_TXIF                              (abs)        007CF4
_TXREG                             (abs)        000FAD
_UCFGbits                          (abs)        000F6F
_UCON                              (abs)        000F6D
_UCONbits                          (abs)        000F6D
_UEIE                              (abs)        000F6B
_UEIR                              (abs)        000F6A
_UIE                               (abs)        000F69
_UIR                               (abs)        000F68
_UOWN                              dataCOMRAM   000020
__CFG_BOR$OFF                      (abs)        000000
__CFG_CPUDIV$OSC3_PLL4             (abs)        000000
__CFG_FCMEN$OFF                    (abs)        000000
__CFG_FOSC$XTPLL_XT                (abs)        000000
__CFG_IESO$OFF                     (abs)        000000
__CFG_LVP$OFF                      (abs)        000000
__CFG_MCLRE$ON                     (abs)        000000
__CFG_PBADEN$OFF                   (abs)        000000
__CFG_PLLDIV$1                     (abs)        000000
__CFG_PWRT$ON                      (abs)        000000
__CFG_USBDIV$2                     (abs)        000000
__CFG_VREGEN$ON                    (abs)        000000
__CFG_WDT$OFF                      (abs)        000000
__HRAM                             (abs)        000000
__Habs1                            abs1         000000
__Hbank0                           bank0        000000
__Hbank1                           bank1        000000
__Hbank2                           bank2        000000
__Hbank3                           bank3        000000
__Hbank4                           bank4        000000
__Hbank5                           bank5        000000
__Hbank6                           bank6        000000
__Hbank7                           bank7        000000
__Hbigbss                          bigbss       000000
__Hbigdata                         bigdata      000000
__Hbigram                          bigram       000000
__Hbss                             bss          000000
__HbssCOMRAM                       bssCOMRAM    000000
__Hcinit                           cinit        000000
__Hclrtext                         clrtext      000000
__Hcomram                          comram       000000
__Hconfig                          config       30000E
__Hconst                           const        000000
__HcstackCOMRAM                    cstackCOMRAM 000000
__Hdata                            data         000000
__HdataCOMRAM                      dataCOMRAM   000000
__Heeprom_data                     eeprom_data  000000
__Hend_init                        end_init     00001C
__Hfarbss                          farbss       000000
__Hfardata                         fardata      000000
__Hibigdata                        ibigdata     000000
__Hidata                           idata        000000
__HidataCOMRAM                     idataCOMRAM  000000
__Hidloc                           idloc        200008
__Hifardata                        ifardata     000000
__Hinit                            init         000018
__Hintcode                         intcode      000018
__Hintcode_body                    intcode_body 000000
__Hintcodelo                       intcodelo    000018
__Hintentry                        intentry     000000
__Hintret                          intret       000000
__Hintsave_regs                    intsave_regs 000000
__Hirdata                          irdata       000000
__Hmediumconst                     mediumconst  000000
__HnvCOMRAM                        nvCOMRAM     000000
__HnvFARRAM                        nvFARRAM     000000
__Hnvbit                           nvbit        000000
__Hnvrram                          nvrram       000000
__Hparam                           rparam       000000
__Hpowerup                         powerup      000018
__Hram                             ram          000000
__Hramtop                          ramtop       000800
__Hrbit                            rbit         000000
__Hrbss                            rbss         000000
__Hrdata                           rdata        000000
__Hreset_vec                       reset_vec    000004
__Hrparam                          rparam       000000
__Hsfr                             sfr          000000
__Hsmallconst                      smallconst   00082E
__Hspace_0                         (abs)        30000E
__Hspace_1                         (abs)        000026
__Hspace_2                         (abs)        000000
__Hstack                           stack        000000
__Hstruct                          struct       000000
__Htemp                            temp         000000
__Htext                            text         000000
__Htext0                           text0        000000
__Htext1                           text1        000000
__Htext10                          text10       000000
__Htext11                          text11       000000
__Htext12                          text12       000000
__Htext14                          text14       000000
__Htext2                           text2        000000
__Htext3                           text3        000000
__Htext4                           text4        000000
__Htext5                           text5        000000
__Htext6                           text6        000000
__Htext7                           text7        000000
__Htext8                           text8        000000
__Htext9                           text9        000000
__LRAM                             (abs)        000001
__Labs1                            abs1         000000
__Lbank0                           bank0        000000
__Lbank1                           bank1        000000
__Lbank2                           bank2        000000
__Lbank3                           bank3        000000
__Lbank4                           bank4        000000
__Lbank5                           bank5        000000
__Lbank6                           bank6        000000
__Lbank7                           bank7        000000
__Lbigbss                          bigbss       000000
__Lbigdata                         bigdata      000000
__Lbigram                          bigram       000000
__Lbss                             bss          000000
__LbssCOMRAM                       bssCOMRAM    000000
__Lcinit                           cinit        000000
__Lclrtext                         clrtext      000000
__Lcomram                          comram       000000
__Lconfig                          config       300000
__Lconst                           const        000000
__LcstackCOMRAM                    cstackCOMRAM 000000
__Ldata                            data         000000
__LdataCOMRAM                      dataCOMRAM   000000
__Leeprom_data                     eeprom_data  000000
__Lend_init                        end_init     000018
__Lfarbss                          farbss       000000
__Lfardata                         fardata      000000
__Libigdata                        ibigdata     000000
__Lidata                           idata        000000
__LidataCOMRAM                     idataCOMRAM  000000
__Lidloc                           idloc        200000
__Lifardata                        ifardata     000000
__Linit                            init         000018
__Lintcode                         intcode      000008
__Lintcode_body                    intcode_body 000000
__Lintcodelo                       intcodelo    000018
__Lintentry                        intentry     000000
__Lintret                          intret       000000
__Lintsave_regs                    intsave_regs 000000
__Lirdata                          irdata       000000
__Lmediumconst                     mediumconst  000000
__LnvCOMRAM                        nvCOMRAM     000000
__LnvFARRAM                        nvFARRAM     000000
__Lnvbit                           nvbit        000000
__Lnvrram                          nvrram       000000
__Lparam                           rparam       000000
__Lpowerup                         powerup      000018
__Lram                             ram          000000
__Lramtop                          ramtop       000800
__Lrbit                            rbit         000000
__Lrbss                            rbss         000000
__Lrdata                           rdata        000000
__Lreset_vec                       reset_vec    000000
__Lrparam                          rparam       000000
__Lsfr                             sfr          000000
__Lsmallconst                      smallconst   000800
__Lspace_0                         (abs)        000000
__Lspace_1                         (abs)        000000
__Lspace_2                         (abs)        000000
__Lstack                           stack        000000
__Lstruct                          struct       000000
__Ltemp                            temp         000000
__Ltext                            text         000000
__Ltext0                           text0        000000
__Ltext1                           text1        000000
__Ltext10                          text10       000000
__Ltext11                          text11       000000
__Ltext12                          text12       000000
__Ltext14                          text14       000000
__Ltext2                           text2        000000
__Ltext3                           text3        000000
__Ltext4                           text4        000000
__Ltext5                           text5        000000
__Ltext6                           text6        000000
__Ltext7                           text7        000000
__Ltext8                           text8        000000
__Ltext9                           text9        000000
__S0                               (abs)        30000E
__S1                               (abs)        000026
__S2                               (abs)        000000
___inthi_sp                        stack        000000
___intlo_sp                        stack        000000
___sp                              stack        000000
__accesstop                        (abs)        000060
__activetblptr                     (abs)        000001
__end_of_T0_ISR                    text14       000AE8
__end_of__initialization           cinit        000A10
__end_of__stringdata               smallconst   00082D
__end_of_chk_isr                   intcode_body 0008A0
__end_of_delay_onesec              text12       000AB2
__end_of_delay_onesec_int          text11       000AD0
__end_of_i2c_init                  text8        000A70
__end_of_lcd_init                  text4        000948
__end_of_lcd_print_string          text3        000A4C
__end_of_lcd_send_char             text6        0008F6
__end_of_main                      text0        000984
__end_of_timer2_delay_us           text7        0009BC
__end_of_timer2_init_for_delay_us  text5        000B10
__end_of_uart_init                 text2        000AFA
__end_of_uart_printline            text9        0009EE
__end_of_uart_sendbyte             text10       000B06
__end_of_usb_init                  text1        000A92
__initialization                   cinit        0009EE
__mediumconst                      mediumconst  000000
__pbssCOMRAM                       bssCOMRAM    000025
__pcinit                           cinit        0009EE
__pcstackCOMRAM                    cstackCOMRAM 000001
__pdataCOMRAM                      dataCOMRAM   00001B
__pidataCOMRAM                     idataCOMRAM  000B10
__pintcode                         intcode      000008
__pintcode_body                    intcode_body 00082E
__pnvCOMRAM                        nvCOMRAM     000024
__psmallconst                      smallconst   000800
__ptext0                           text0        000948
__ptext1                           text1        000A70
__ptext10                          text10       000AFA
__ptext11                          text11       000AB2
__ptext12                          text12       000A92
__ptext14                          text14       000AD0
__ptext2                           text2        000AE8
__ptext3                           text3        000A1E
__ptext4                           text4        0008F6
__ptext5                           text5        000B06
__ptext6                           text6        0008A0
__ptext7                           text7        000984
__ptext8                           text8        000A4C
__ptext9                           text9        0009BC
__ramtop                           ramtop       000800
__size_of_T0_ISR                   (abs)        000000
__size_of_chk_isr                  (abs)        000000
__size_of_delay_onesec             (abs)        000000
__size_of_delay_onesec_int         (abs)        000000
__size_of_i2c_init                 (abs)        000000
__size_of_lcd_init                 (abs)        000000
__size_of_lcd_print_string         (abs)        000000
__size_of_lcd_send_char            (abs)        000000
__size_of_main                     (abs)        000000
__size_of_timer2_delay_us          (abs)        000000
__size_of_timer2_init_for_delay_us (abs)        000000
__size_of_uart_init                (abs)        000000
__size_of_uart_printline           (abs)        000000
__size_of_uart_sendbyte            (abs)        000000
__size_of_usb_init                 (abs)        000000
__smallconst                       smallconst   000800
__stringdata                       smallconst   000801
_chk_isr                           intcode      000008
_configDescr                       (abs)        000442
_delay_onesec                      text12       000A92
_delay_onesec_int                  text11       000AB2
_descriptorType_config             dataCOMRAM   000021
_descriptorType_device             dataCOMRAM   000022
_descriptorType_string             dataCOMRAM   000023
_devDescr                          (abs)        000430
_endpoint1DescrOUT                 (abs)        000454
_hostSetupPkg                      (abs)        000428
_i2c_init                          text8        000A4C
_interfDescr                       (abs)        00044B
_is_initialized                    bssCOMRAM    000025
_lcd_init                          text4        0008F6
_lcd_print_string                  text3        000A1E
_lcd_send_char                     text6        0008A0
_main                              text0        000948
_oneSecTick                        nvCOMRAM     000024
_outPkgEp1                         (abs)        0004A0
_stringDescr0                      (abs)        000470
_stringDescr1                      (abs)        000474
_stringDescr2                      (abs)        00048A
_timer2_delay_us                   text7        000984
_timer2_init_for_delay_us          text5        000B06
_uart_init                         text2        000AE8
_uart_printline                    text9        0009BC
_uart_sendbyte                     text10       000AFA
_usb_init                          text1        000A70
delay_onesec@timerset              cstackCOMRAM 000011
delay_onesec_int@timerset          cstackCOMRAM 000011
end_of_initialization              cinit        000A10
int_func                           intcode_body 00082E
intlevel0                          text         000000
intlevel1                          text         000000
intlevel2                          text         000000
intlevel3                          text         000000
lcd_print_string@s                 cstackCOMRAM 000019
lcd_send_char@c                    cstackCOMRAM 000018
lcd_send_char@flag                 cstackCOMRAM 000017
stackhi                            (abs)        0003FF
stacklo                            (abs)        000060
start                              init         000018
start_initialization               cinit        0009EE
timer2_delay_us@timer_val          cstackCOMRAM 000015
timer2_delay_us@us                 cstackCOMRAM 000011
uart_printline@line                cstackCOMRAM 000012
uart_sendbyte@ch                   cstackCOMRAM 000011


FUNCTION INFORMATION:

 *************** function _main *****************
 Defined at:
		line 47 in file "newmain.c"
 Parameters:    Size  Location     Type
		None
 Auto vars:     Size  Location     Type
		None
 Return value:  Size  Location     Type
		None               void
 Registers used:
		wreg, status,2, status,0, tblptrl, tblptrh, tblptru, cstack
 Tracked objects:
		On entry : 
		On exit  : 
		Unchanged: 
 Data sizes:     COMRAM   BANK0   BANK1   BANK2   BANK3 BANK4hh BANK4hl  BANK4l   BANK5   BANK6   BANK7
      Params:         0       0       0       0       0       0       0       0       0       0       0
      Locals:         0       0       0       0       0       0       0       0       0       0       0
      Temps:          0       0       0       0       0       0       0       0       0       0       0
      Totals:         0       0       0       0       0       0       0       0       0       0       0
Total ram usage:        0 bytes
 Hardware stack levels required when called:    5
 This function calls:
		_delay_onesec
		_delay_onesec_int
		_i2c_init
		_lcd_init
		_lcd_print_string
		_uart_init
		_uart_printline
		_usb_init
 This function is called by:
		Startup code after reset
 This function uses a non-reentrant model


 *************** function _usb_init *****************
 Defined at:
		line 6 in file "ubsutils.c"
 Parameters:    Size  Location     Type
		None
 Auto vars:     Size  Location     Type
		None
 Return value:  Size  Location     Type
		None               void
 Registers used:
		wreg, status,2
 Tracked objects:
		On entry : 
		On exit  : 
		Unchanged: 
 Data sizes:     COMRAM   BANK0   BANK1   BANK2   BANK3 BANK4hh BANK4hl  BANK4l   BANK5   BANK6   BANK7
      Params:         0       0       0       0       0       0       0       0       0       0       0
      Locals:         0       0       0       0       0       0       0       0       0       0       0
      Temps:          0       0       0       0       0       0       0       0       0       0       0
      Totals:         0       0       0       0       0       0       0       0       0       0       0
Total ram usage:        0 bytes
 Hardware stack levels used:    1
 Hardware stack levels required when called:    2
 This function calls:
		Nothing
 This function is called by:
		_main
 This function uses a non-reentrant model


 *************** function _uart_init *****************
 Defined at:
		line 3 in file "Uart.c"
 Parameters:    Size  Location     Type
		None
 Auto vars:     Size  Location     Type
		None
 Return value:  Size  Location     Type
		None               void
 Registers used:
		wreg, status,2
 Tracked objects:
		On entry : 
		On exit  : 
		Unchanged: 
 Data sizes:     COMRAM   BANK0   BANK1   BANK2   BANK3 BANK4hh BANK4hl  BANK4l   BANK5   BANK6   BANK7
      Params:         0       0       0       0       0       0       0       0       0       0       0
      Locals:         0       0       0       0       0       0       0       0       0       0       0
      Temps:          0       0       0       0       0       0       0       0       0       0       0
      Totals:         0       0       0       0       0       0       0       0       0       0       0
Total ram usage:        0 bytes
 Hardware stack levels used:    1
 Hardware stack levels required when called:    2
 This function calls:
		Nothing
 This function is called by:
		_main
 This function uses a non-reentrant model


 *************** function _lcd_print_string *****************
 Defined at:
		line 61 in file "LCD.c"
 Parameters:    Size  Location     Type
  s               2   24[COMRAM] PTR unsigned char 
		 -> STR_1(16), 
 Auto vars:     Size  Location     Type
		None
 Return value:  Size  Location     Type
		None               void
 Registers used:
		wreg, status,2, status,0, tblptrl, tblptrh, tblptru, cstack
 Tracked objects:
		On entry : 
		On exit  : 
		Unchanged: 
 Data sizes:     COMRAM   BANK0   BANK1   BANK2   BANK3 BANK4hh BANK4hl  BANK4l   BANK5   BANK6   BANK7
      Params:         2       0       0       0       0       0       0       0       0       0       0
      Locals:         0       0       0       0       0       0       0       0       0       0       0
      Temps:          0       0       0       0       0       0       0       0       0       0       0
      Totals:         2       0       0       0       0       0       0       0       0       0       0
Total ram usage:        2 bytes
 Hardware stack levels used:    1
 Hardware stack levels required when called:    4
 This function calls:
		_lcd_send_char
 This function is called by:
		_main
 This function uses a non-reentrant model


 *************** function _lcd_init *****************
 Defined at:
		line 40 in file "LCD.c"
 Parameters:    Size  Location     Type
		None
 Auto vars:     Size  Location     Type
		None
 Return value:  Size  Location     Type
		None               void
 Registers used:
		wreg, status,2, status,0, cstack
 Tracked objects:
		On entry : 
		On exit  : 
		Unchanged: 
 Data sizes:     COMRAM   BANK0   BANK1   BANK2   BANK3 BANK4hh BANK4hl  BANK4l   BANK5   BANK6   BANK7
      Params:         0       0       0       0       0       0       0       0       0       0       0
      Locals:         0       0       0       0       0       0       0       0       0       0       0
      Temps:          0       0       0       0       0       0       0       0       0       0       0
      Totals:         0       0       0       0       0       0       0       0       0       0       0
Total ram usage:        0 bytes
 Hardware stack levels used:    1
 Hardware stack levels required when called:    4
 This function calls:
		_lcd_send_char
		_timer2_init_for_delay_us
 This function is called by:
		_main
 This function uses a non-reentrant model


 *************** function _timer2_init_for_delay_us *****************
 Defined at:
		line 62 in file "Timer.c"
 Parameters:    Size  Location     Type
		None
 Auto vars:     Size  Location     Type
		None
 Return value:  Size  Location     Type
		None               void
 Registers used:
		None
 Tracked objects:
		On entry : 
		On exit  : 
		Unchanged: 
 Data sizes:     COMRAM   BANK0   BANK1   BANK2   BANK3 BANK4hh BANK4hl  BANK4l   BANK5   BANK6   BANK7
      Params:         0       0       0       0       0       0       0       0       0       0       0
      Locals:         0       0       0       0       0       0       0       0       0       0       0
      Temps:          0       0       0       0       0       0       0       0       0       0       0
      Totals:         0       0       0       0       0       0       0       0       0       0       0
Total ram usage:        0 bytes
 Hardware stack levels used:    1
 Hardware stack levels required when called:    2
 This function calls:
		Nothing
 This function is called by:
		_lcd_init
 This function uses a non-reentrant model


 *************** function _lcd_send_char *****************
 Defined at:
		line 17 in file "LCD.c"
 Parameters:    Size  Location     Type
  c               1    wreg     unsigned char 
  flag            1   22[COMRAM] unsigned char 
 Auto vars:     Size  Location     Type
  c               1   23[COMRAM] unsigned char 
 Return value:  Size  Location     Type
		None               void
 Registers used:
		wreg, status,2, status,0, cstack
 Tracked objects:
		On entry : 
		On exit  : 
		Unchanged: 
 Data sizes:     COMRAM   BANK0   BANK1   BANK2   BANK3 BANK4hh BANK4hl  BANK4l   BANK5   BANK6   BANK7
      Params:         1       0       0       0       0       0       0       0       0       0       0
      Locals:         1       0       0       0       0       0       0       0       0       0       0
      Temps:          0       0       0       0       0       0       0       0       0       0       0
      Totals:         2       0       0       0       0       0       0       0       0       0       0
Total ram usage:        2 bytes
 Hardware stack levels used:    1
 Hardware stack levels required when called:    3
 This function calls:
		_timer2_delay_us
 This function is called by:
		_lcd_init
		_lcd_print_string
 This function uses a non-reentrant model


 *************** function _timer2_delay_us *****************
 Defined at:
		line 75 in file "Timer.c"
 Parameters:    Size  Location     Type
  us              2   16[COMRAM] int 
 Auto vars:     Size  Location     Type
  timer_val       2   20[COMRAM] unsigned int 
 Return value:  Size  Location     Type
		None               void
 Registers used:
		status,2, status,0
 Tracked objects:
		On entry : 
		On exit  : 
		Unchanged: 
 Data sizes:     COMRAM   BANK0   BANK1   BANK2   BANK3 BANK4hh BANK4hl  BANK4l   BANK5   BANK6   BANK7
      Params:         2       0       0       0       0       0       0       0       0       0       0
      Locals:         2       0       0       0       0       0       0       0       0       0       0
      Temps:          2       0       0       0       0       0       0       0       0       0       0
      Totals:         6       0       0       0       0       0       0       0       0       0       0
Total ram usage:        6 bytes
 Hardware stack levels used:    1
 Hardware stack levels required when called:    2
 This function calls:
		Nothing
 This function is called by:
		_lcd_send_char
 This function uses a non-reentrant model


 *************** function _i2c_init *****************
 Defined at:
		line 22 in file "I2C.c"
 Parameters:    Size  Location     Type
		None
 Auto vars:     Size  Location     Type
		None
 Return value:  Size  Location     Type
		None               void
 Registers used:
		wreg, status,2, status,0, tblptrl, tblptrh, tblptru, cstack
 Tracked objects:
		On entry : 
		On exit  : 
		Unchanged: 
 Data sizes:     COMRAM   BANK0   BANK1   BANK2   BANK3 BANK4hh BANK4hl  BANK4l   BANK5   BANK6   BANK7
      Params:         0       0       0       0       0       0       0       0       0       0       0
      Locals:         0       0       0       0       0       0       0       0       0       0       0
      Temps:          0       0       0       0       0       0       0       0       0       0       0
      Totals:         0       0       0       0       0       0       0       0       0       0       0
Total ram usage:        0 bytes
 Hardware stack levels used:    1
 Hardware stack levels required when called:    4
 This function calls:
		_uart_printline
 This function is called by:
		_main
 This function uses a non-reentrant model


 *************** function _uart_printline *****************
 Defined at:
		line 27 in file "Uart.c"
 Parameters:    Size  Location     Type
  line            2   17[COMRAM] PTR unsigned char 
		 -> STR_3(12), STR_2(16), 
 Auto vars:     Size  Location     Type
		None
 Return value:  Size  Location     Type
		None               void
 Registers used:
		wreg, status,2, status,0, tblptrl, tblptrh, tblptru, cstack
 Tracked objects:
		On entry : 
		On exit  : 
		Unchanged: 
 Data sizes:     COMRAM   BANK0   BANK1   BANK2   BANK3 BANK4hh BANK4hl  BANK4l   BANK5   BANK6   BANK7
      Params:         2       0       0       0       0       0       0       0       0       0       0
      Locals:         0       0       0       0       0       0       0       0       0       0       0
      Temps:          0       0       0       0       0       0       0       0       0       0       0
      Totals:         2       0       0       0       0       0       0       0       0       0       0
Total ram usage:        2 bytes
 Hardware stack levels used:    1
 Hardware stack levels required when called:    3
 This function calls:
		_uart_sendbyte
 This function is called by:
		_main
		_i2c_init
 This function uses a non-reentrant model


 *************** function _uart_sendbyte *****************
 Defined at:
		line 17 in file "Uart.c"
 Parameters:    Size  Location     Type
  ch              1    wreg     unsigned char 
 Auto vars:     Size  Location     Type
  ch              1   16[COMRAM] unsigned char 
 Return value:  Size  Location     Type
		None               void
 Registers used:
		wreg
 Tracked objects:
		On entry : 
		On exit  : 
		Unchanged: 
 Data sizes:     COMRAM   BANK0   BANK1   BANK2   BANK3 BANK4hh BANK4hl  BANK4l   BANK5   BANK6   BANK7
      Params:         0       0       0       0       0       0       0       0       0       0       0
      Locals:         1       0       0       0       0       0       0       0       0       0       0
      Temps:          0       0       0       0       0       0       0       0       0       0       0
      Totals:         1       0       0       0       0       0       0       0       0       0       0
Total ram usage:        1 bytes
 Hardware stack levels used:    1
 Hardware stack levels required when called:    2
 This function calls:
		Nothing
 This function is called by:
		_uart_printline
 This function uses a non-reentrant model


 *************** function _delay_onesec_int *****************
 Defined at:
		line 48 in file "Timer.c"
 Parameters:    Size  Location     Type
		None
 Auto vars:     Size  Location     Type
  timerset        2   16[COMRAM] int 
 Return value:  Size  Location     Type
		None               void
 Registers used:
		wreg, status,2
 Tracked objects:
		On entry : 
		On exit  : 
		Unchanged: 
 Data sizes:     COMRAM   BANK0   BANK1   BANK2   BANK3 BANK4hh BANK4hl  BANK4l   BANK5   BANK6   BANK7
      Params:         0       0       0       0       0       0       0       0       0       0       0
      Locals:         2       0       0       0       0       0       0       0       0       0       0
      Temps:          0       0       0       0       0       0       0       0       0       0       0
      Totals:         2       0       0       0       0       0       0       0       0       0       0
Total ram usage:        2 bytes
 Hardware stack levels used:    1
 Hardware stack levels required when called:    2
 This function calls:
		Nothing
 This function is called by:
		_main
 This function uses a non-reentrant model


 *************** function _delay_onesec *****************
 Defined at:
		line 14 in file "Timer.c"
 Parameters:    Size  Location     Type
		None
 Auto vars:     Size  Location     Type
  timerset        2   16[COMRAM] int 
 Return value:  Size  Location     Type
                  2   12[COMRAM] int 
 Registers used:
		wreg, status,2
 Tracked objects:
		On entry : 
		On exit  : 
		Unchanged: 
 Data sizes:     COMRAM   BANK0   BANK1   BANK2   BANK3 BANK4hh BANK4hl  BANK4l   BANK5   BANK6   BANK7
      Params:         0       0       0       0       0       0       0       0       0       0       0
      Locals:         2       0       0       0       0       0       0       0       0       0       0
      Temps:          0       0       0       0       0       0       0       0       0       0       0
      Totals:         2       0       0       0       0       0       0       0       0       0       0
Total ram usage:        2 bytes
 Hardware stack levels used:    1
 Hardware stack levels required when called:    2
 This function calls:
		Nothing
 This function is called by:
		_main
 This function uses a non-reentrant model


 *************** function _chk_isr *****************
 Defined at:
		line 40 in file "Timer.c"
 Parameters:    Size  Location     Type
		None
 Auto vars:     Size  Location     Type
		None
 Return value:  Size  Location     Type
		None               void
 Registers used:
		wreg, status,2, cstack
 Tracked objects:
		On entry : 
		On exit  : 
		Unchanged: 
 Data sizes:     COMRAM   BANK0   BANK1   BANK2   BANK3 BANK4hh BANK4hl  BANK4l   BANK5   BANK6   BANK7
      Params:         0       0       0       0       0       0       0       0       0       0       0
      Locals:         0       0       0       0       0       0       0       0       0       0       0
      Temps:         14       0       0       0       0       0       0       0       0       0       0
      Totals:        14       0       0       0       0       0       0       0       0       0       0
Total ram usage:       14 bytes
 Hardware stack levels used:    1
 Hardware stack levels required when called:    1
 This function calls:
		_T0_ISR
 This function is called by:
		Interrupt level 2
 This function uses a non-reentrant model


 *************** function _T0_ISR *****************
 Defined at:
		line 26 in file "Timer.c"
 Parameters:    Size  Location     Type
		None
 Auto vars:     Size  Location     Type
  timerset        2    0[COMRAM] int 
 Return value:  Size  Location     Type
		None               void
 Registers used:
		wreg, status,2
 Tracked objects:
		On entry : 
		On exit  : 
		Unchanged: 
 Data sizes:     COMRAM   BANK0   BANK1   BANK2   BANK3 BANK4hh BANK4hl  BANK4l   BANK5   BANK6   BANK7
      Params:         0       0       0       0       0       0       0       0       0       0       0
      Locals:         2       0       0       0       0       0       0       0       0       0       0
      Temps:          0       0       0       0       0       0       0       0       0       0       0
      Totals:         2       0       0       0       0       0       0       0       0       0       0
Total ram usage:        2 bytes
 Hardware stack levels used:    1
 This function calls:
		Nothing
 This function is called by:
		_chk_isr
 This function uses a non-reentrant model



MODULE INFORMATION

Module		Function		Class		Link	Load	Size
Timer.c
		_chk_isr       		CODE           	0008	0000	2200
		_delay_onesec  		CODE           	0A92	0000	32
		_delay_onesec_i		CODE           	0AB2	0000	30
		_timer2_init_fo		CODE           	0B06	0000	10
		_timer2_delay_u		CODE           	0984	0000	56
		_T0_ISR        		CODE           	0AD0	0000	24

Timer.c estimated size: 2352

ubsutils.c
		_usb_init      		CODE           	0A70	0000	34

ubsutils.c estimated size: 34

I2C.c
		_i2c_init      		CODE           	0A4C	0000	36

I2C.c estimated size: 36

newmain.c
		_main          		CODE           	0948	0000	60

newmain.c estimated size: 60

shared
		__stringdata   		SMALLCONST     	0801	0000	44
		__initializatio		CODE           	09EE	0000	34

shared estimated size: 78

Uart.c
		_uart_init     		CODE           	0AE8	0000	18
		_uart_sendbyte 		CODE           	0AFA	0000	12
		_uart_printline		CODE           	09BC	0000	50

Uart.c estimated size: 80

LCD.c
		_lcd_send_char 		CODE           	08A0	0000	86
		_lcd_print_stri		CODE           	0A1E	0000	46
		_lcd_init      		CODE           	08F6	0000	82

LCD.c estimated size: 214

